// Vitest Snapshot v1, https://vitest.dev/guide/snapshot.html

exports[`Markdown v1 parity (curriculum/) > matches the recorded v2 block summaries 1`] = `
{
  "dsa/concepts/dynamic-programming.md": "para",
  "dsa/concepts/dynamic-programming.when.md": "para",
  "dsa/concepts/hashing.md": "para para list:3",
  "dsa/concepts/hashing.when.md": "para",
  "dsa/concepts/linked-list-design.md": "para",
  "dsa/concepts/linked-list-design.when.md": "para",
  "dsa/concepts/monotonic-stack.md": "para",
  "dsa/concepts/monotonic-stack.when.md": "para",
  "dsa/concepts/prefix-sums.md": "para",
  "dsa/concepts/prefix-sums.when.md": "para",
  "dsa/concepts/shortest-paths.md": "para",
  "dsa/concepts/shortest-paths.when.md": "para",
  "dsa/concepts/sliding-window.md": "para",
  "dsa/concepts/sliding-window.when.md": "para",
  "dsa/concepts/topological-sort.md": "para",
  "dsa/concepts/topological-sort.when.md": "para",
  "dsa/concepts/two-pointers.md": "para",
  "dsa/concepts/two-pointers.when.md": "para",
  "dsa/items/1/sections/attempt/01-summary.md": "para",
  "dsa/items/1/sections/solution/01-approach.md": "para",
  "dsa/items/1/sections/solution/03-complexity.md": "para",
  "dsa/items/104/sections/attempt/01-summary.md": "para",
  "dsa/items/104/sections/hint/01-key_observation.md": "para",
  "dsa/items/104/sections/solution/02-complexity.md": "para",
  "dsa/items/12/sections/attempt/01-summary.md": "para",
  "dsa/items/16/sections/attempt/01-tags.md": "para",
  "dsa/items/16/sections/attempt/02-why.md": "para",
  "dsa/items/16/sections/attempt/03-summary.md": "para",
  "dsa/items/16/sections/attempt/04-example.md": "para",
  "dsa/items/16/sections/attempt/05-links.md": "para",
  "dsa/items/16/sections/hint/01-brute_force.md": "para",
  "dsa/items/16/sections/hint/02-key_observation.md": "para",
  "dsa/items/16/sections/hint/03-pattern.md": "para",
  "dsa/items/16/sections/solution/01-approach.md": "para",
  "dsa/items/16/sections/solution/02-steps.md": "ol:5",
  "dsa/items/16/sections/solution/03-dry_run.md": "para",
  "dsa/items/16/sections/solution/05-complexity.md": "para",
  "dsa/items/16/sections/solution/06-mistakes.md": "list:3",
  "dsa/items/16/sections/solution/07-variations.md": "para",
  "dsa/items/18/sections/attempt/01-summary.md": "para",
  "dsa/items/2/sections/attempt/01-summary.md": "para",
  "dsa/items/23/sections/attempt/01-summary.md": "para",
  "dsa/items/23/sections/hint/01-key_observation.md": "para",
  "dsa/items/3/sections/attempt/01-summary.md": "para",
  "dsa/items/3/sections/attempt/02-example.md": "para",
  "dsa/items/3/sections/hint/01-key_observation.md": "para",
  "dsa/items/3/sections/solution/01-approach.md": "para",
  "dsa/items/3/sections/solution/03-complexity.md": "para",
  "dsa/items/40/sections/attempt/01-summary.md": "para",
  "dsa/items/40/sections/attempt/02-why.md": "para",
  "dsa/items/40/sections/solution/01-approach.md": "para",
  "dsa/items/40/sections/solution/02-complexity.md": "para",
  "dsa/items/5/sections/attempt/01-summary.md": "para",
  "dsa/items/7/sections/attempt/01-summary.md": "para",
  "dsa/items/78/sections/attempt/01-summary.md": "para",
  "dsa/items/78/sections/hint/01-key_observation.md": "para",
  "dsa/items/9/sections/attempt/01-summary.md": "para",
  "dsa/items/9/sections/hint/01-key_observation.md": "para",
  "dsa/items/92/sections/attempt/01-summary.md": "para",
  "dsa/items/92/sections/hint/01-key_observation.md": "para",
}
`;
