fx-001 s1 fd3 {"args":[[3,1,2]]}
fx-001 s1 fd4 {"ok":true}
fx-001 s2 fd3 {"args":[[1,1,1]]}
fx-001 s2 fd4 {"ok":false}
fx-002 s1 fd3 {"args":[[1,2,3,0,-1],3]}
fx-002 s1 fd4 {"ok":[[-1,1,3],[0,1,2]]}
fx-002 s2 fd3 {"args":[[0,0,0,0],0]}
fx-002 s2 fd4 {"ok":[[0,0,0]]}
fx-003 s1 fd3 {"args":[[2],[1,10],[2,20],[1],[3,30],[1],[3]],"ops":["FixedShelf","Put","Put","Get","Put","Get","Get"]}
fx-003 s1 fd4 {"ok":[null,null,null,10,null,-1,30]}
